---
source: tests/tests.rs
expression: kitchen_sink
info:
  default_skipped: ~
  skip_skipped: ~
  no_skip_displayed: ~
  skip_if_skipped: false
  skip_if_displayed: false
  password_is_hidden: hunter2
  wrapped_display: NotWrapped
---
KitchenSink {
    no_skip_displayed: (),
    skip_if_displayed: false,
    password_is_hidden: <hidden>,
    wrapped_display: Wrapped,
    ..
}
